CEMETERY|SITECODE|PERIOD|LU_INT|E_DATE|L_DATE|SITECODE|CONTEXT|SEX|AGE|TRAIT_TYPE|GROUP|EXPANSION|VALUE

Medieval-Guildhall Yard|GYE92|11|OA115|1140|1230|10652|UNSEXED CHILD|SUB-ADULT 12-17 YEARS|Bone measurement|Ilium|Ilium Gsn Diameter R|11.8|
Medieval-Guildhall Yard|GYE92|11|OA115|1140|1230|10652|UNSEXED CHILD|SUB-ADULT 12-17 YEARS|Bone measurement|Ilium|Ilium Gsn Diameter L|12|
Medieval-Guildhall Yard|GYE92|11|OA115|1140|1230|10652|UNSEXED CHILD|SUB-ADULT 12-17 YEARS|Bone measurement|Humerus|Humeral Length R|211|
Medieval-Guildhall Yard|GYE92|11|OA115|1140|1230|10652|UNSEXED CHILD|SUB-ADULT 12-17 YEARS|Bone measurement|Humerus|Humeral Length L|209|
Medieval-Guildhall Yard|GYE92|11|OA115|1140|1230|10652|UNSEXED CHILD|SUB-ADULT 12-17 YEARS|Bone measurement|Ilium|Ilium Gsn Width L|26.9|
Medieval-Guildhall Yard|GYE92|11|OA115|1140|1230|10652|UNSEXED CHILD|SUB-ADULT 12-17 YEARS|Bone measurement|Humerus|Humeral Width R|45.2|
Medieval-Guildhall Yard|GYE92|11|OA115|1140|1230|10652|UNSEXED CHILD|SUB-ADULT 12-17 YEARS|Bone measurement|Humerus|Humeral Width L|44.4|
Medieval-Guildhall Yard|GYE92|11|OA115|1140|1230|10652|UNSEXED CHILD|SUB-ADULT 12-17 YEARS|Bone measurement|Radius|Radial Length R|160|
Medieval-Guildhall Yard|GYE92|11|OA115|1140|1230|10652|UNSEXED CHILD|SUB-ADULT 12-17 YEARS|Bone measurement|Ulna|Ulna Length L|174|
Medieval-Guildhall Yard|GYE92|11|OA115|1140|1230|10652|UNSEXED CHILD|SUB-ADULT 12-17 YEARS|Bone measurement|Femur|Femoral Length R|291|
Medieval-Guildhall Yard|GYE92|11|OA115|1140|1230|10652|UNSEXED CHILD|SUB-ADULT 12-17 YEARS|Bone measurement|Femur|Femoral Length L|292|
Medieval-Guildhall Yard|GYE92|11|OA115|1140|1230|10652|UNSEXED CHILD|SUB-ADULT 12-17 YEARS|Bone measurement|Femur|Femoral Width R|62.9|
Medieval-Guildhall Yard|GYE92|11|OA115|1140|1230|10652|UNSEXED CHILD|SUB-ADULT 12-17 YEARS|Bone measurement|Femur|Femoral Width L|61.1|
Medieval-Guildhall Yard|GYE92|11|OA115|1140|1230|10652|UNSEXED CHILD|SUB-ADULT 12-17 YEARS|Bone measurement|Tibia|Tibial Length R|238|
Medieval-Guildhall Yard|GYE92|11|OA115|1140|1230|10652|UNSEXED CHILD|SUB-ADULT 12-17 YEARS|Bone measurement|Tibia|Tibial Length L|236|
Medieval-Guildhall Yard|GYE92|11|OA115|1140|1230|10652|UNSEXED CHILD|SUB-ADULT 12-17 YEARS|Bone measurement|Fibia|Fibular Length R|233|
Medieval-Guildhall Yard|GYE92|11|OA115|1140|1230|10652|UNSEXED CHILD|SUB-ADULT 12-17 YEARS|Bone measurement|Clavicle|Clavicle Length R|99.9|
Medieval-Guildhall Yard|GYE92|11|OA115|1140|1230|10652|UNSEXED CHILD|SUB-ADULT 12-17 YEARS|Bone measurement|Clavicle|Clavicle Length L|100.7|
Medieval-Guildhall Yard|GYE92|11|OA115|1140|1230|10652|UNSEXED CHILD|SUB-ADULT 12-17 YEARS|Bone measurement|Ilium|Ilium Max Length R|101.9|
Medieval-Guildhall Yard|GYE92|11|OA115|1140|1230|10652|UNSEXED CHILD|SUB-ADULT 12-17 YEARS|Bone measurement|Ilium|Ilium Max Length L|102.3|
Medieval-Guildhall Yard|GYE92|11|OA115|1140|1230|10652|UNSEXED CHILD|SUB-ADULT 12-17 YEARS|Bone measurement|Ilium|Ilium Max Width R|117.1|
Medieval-Guildhall Yard|GYE92|11|OA115|1140|1230|10652|UNSEXED CHILD|SUB-ADULT 12-17 YEARS|Bone measurement|Ilium|Ilium Max Width L|114.8|
Medieval-Guildhall Yard|GYE92|11|OA115|1140|1230|10652|UNSEXED CHILD|SUB-ADULT 12-17 YEARS|Bone measurement|Ilium|Ilium Gsn Width R|26.4|
Medieval-Guildhall Yard|GYE92|11|OA115|1140|1230|10689|UNSEXED CHILD|SUB-ADULT 6-11 YEARS|Bone measurement|Humerus|Humeral Length R|223|
Medieval-Guildhall Yard|GYE92|11|OA115|1140|1230|10689|UNSEXED CHILD|SUB-ADULT 6-11 YEARS|Bone measurement|Humerus|Humeral Length L|226|
Medieval-Guildhall Yard|GYE92|11|OA115|1140|1230|10689|UNSEXED CHILD|SUB-ADULT 6-11 YEARS|Bone measurement|Humerus|Humeral Width L|40.7|
Medieval-Guildhall Yard|GYE92|11|OA115|1140|1230|10689|UNSEXED CHILD|SUB-ADULT 6-11 YEARS|Bone measurement|Radius|Radial Length R|163|
Medieval-Guildhall Yard|GYE92|11|OA115|1140|1230|10689|UNSEXED CHILD|SUB-ADULT 6-11 YEARS|Bone measurement|Ulna|Ulna Length R|179|
Medieval-Guildhall Yard|GYE92|11|OA115|1140|1230|10689|UNSEXED CHILD|SUB-ADULT 6-11 YEARS|Bone measurement|Femur|Femoral Length L|308|
Medieval-Guildhall Yard|GYE92|11|OA115|1140|1230|10689|UNSEXED CHILD|SUB-ADULT 6-11 YEARS|Bone measurement|Tibia|Tibial Length L|244|
Medieval-Guildhall Yard|GYE92|11|OA115|1140|1230|10696|UNSEXED CHILD|SUB-ADULT 6-11 YEARS|Bone measurement|Tibia|Tibial Length R|243|
Medieval-Guildhall Yard|GYE92|11|OA115|1140|1230|10696|UNSEXED CHILD|SUB-ADULT 6-11 YEARS|Bone measurement|Tibia|Tibial Length L|240|
Medieval-Guildhall Yard|GYE92|11|OA115|1140|1230|10699|UNSEXED CHILD|SUB-ADULT 12-17 YEARS|Bone measurement|Ilium|Ilium Gsn Diameter R|11.2|
Medieval-Guildhall Yard|GYE92|11|OA115|1140|1230|10699|UNSEXED CHILD|SUB-ADULT 12-17 YEARS|Bone measurement|Ilium|Ilium Gsn Diameter L|11.6|
Medieval-Guildhall Yard|GYE92|11|OA115|1140|1230|10699|UNSEXED CHILD|SUB-ADULT 12-17 YEARS|Bone measurement|Humerus|Humeral Length R|265|
Medieval-Guildhall Yard|GYE92|11|OA115|1140|1230|10699|UNSEXED CHILD|SUB-ADULT 12-17 YEARS|Bone measurement|Humerus|Humeral Length L|254|
Medieval-Guildhall Yard|GYE92|11|OA115|1140|1230|10699|UNSEXED CHILD|SUB-ADULT 12-17 YEARS|Bone measurement|Ilium|Ilium Gsn Width L|31.1|
Medieval-Guildhall Yard|GYE92|11|OA115|1140|1230|10699|UNSEXED CHILD|SUB-ADULT 12-17 YEARS|Bone measurement|Humerus|Humeral Width R|47|
Medieval-Guildhall Yard|GYE92|11|OA115|1140|1230|10699|UNSEXED CHILD|SUB-ADULT 12-17 YEARS|Bone measurement|Humerus|Humeral Width L|45.9|
Medieval-Guildhall Yard|GYE92|11|OA115|1140|1230|10699|UNSEXED CHILD|SUB-ADULT 12-17 YEARS|Bone measurement|Radius|Radial Length R|194|
Medieval-Guildhall Yard|GYE92|11|OA115|1140|1230|10699|UNSEXED CHILD|SUB-ADULT 12-17 YEARS|Bone measurement|Radius|Radial Length L|192|
Medieval-Guildhall Yard|GYE92|11|OA115|1140|1230|10699|UNSEXED CHILD|SUB-ADULT 12-17 YEARS|Bone measurement|Ulna|Ulna Length R|214|
Medieval-Guildhall Yard|GYE92|11|OA115|1140|1230|10699|UNSEXED CHILD|SUB-ADULT 12-17 YEARS|Bone measurement|Ulna|Ulna Length L|212|
Medieval-Guildhall Yard|GYE92|11|OA115|1140|1230|10699|UNSEXED CHILD|SUB-ADULT 12-17 YEARS|Bone measurement|Femur|Femoral Length R|372|
Medieval-Guildhall Yard|GYE92|11|OA115|1140|1230|10699|UNSEXED CHILD|SUB-ADULT 12-17 YEARS|Bone measurement|Femur|Femoral Length L|372|
Medieval-Guildhall Yard|GYE92|11|OA115|1140|1230|10699|UNSEXED CHILD|SUB-ADULT 12-17 YEARS|Bone measurement|Femur|Femoral Width R|65.9|
Medieval-Guildhall Yard|GYE92|11|OA115|1140|1230|10699|UNSEXED CHILD|SUB-ADULT 12-17 YEARS|Bone measurement|Femur|Femoral Width L|62.5|
Medieval-Guildhall Yard|GYE92|11|OA115|1140|1230|10699|UNSEXED CHILD|SUB-ADULT 12-17 YEARS|Bone measurement|Tibia|Tibial Length R|295|
Medieval-Guildhall Yard|GYE92|11|OA115|1140|1230|10699|UNSEXED CHILD|SUB-ADULT 12-17 YEARS|Bone measurement|Tibia|Tibial Length L|294|
Medieval-Guildhall Yard|GYE92|11|OA115|1140|1230|10699|UNSEXED CHILD|SUB-ADULT 12-17 YEARS|Bone measurement|Fibia|Fibular Length R|287|
Medieval-Guildhall Yard|GYE92|11|OA115|1140|1230|10699|UNSEXED CHILD|SUB-ADULT 12-17 YEARS|Bone measurement|Clavicle|Clavicle Length R|118.1|
Medieval-Guildhall Yard|GYE92|11|OA115|1140|1230|10699|UNSEXED CHILD|SUB-ADULT 12-17 YEARS|Bone measurement|Ilium|Ilium Max Length R|105.8|
Medieval-Guildhall Yard|GYE92|11|OA115|1140|1230|10699|UNSEXED CHILD|SUB-ADULT 12-17 YEARS|Bone measurement|Ilium|Ilium Max Length L|106.6|
Medieval-Guildhall Yard|GYE92|11|OA115|1140|1230|10699|UNSEXED CHILD|SUB-ADULT 12-17 YEARS|Bone measurement|Ilium|Ilium Max Width R|115.6|
Medieval-Guildhall Yard|GYE92|11|OA115|1140|1230|10699|UNSEXED CHILD|SUB-ADULT 12-17 YEARS|Bone measurement|Ilium|Ilium Max Width L|114.3|
Medieval-Guildhall Yard|GYE92|11|OA115|1140|1230|10699|UNSEXED CHILD|SUB-ADULT 12-17 YEARS|Bone measurement|Ilium|Ilium Gsn Width R|23.5|
Medieval-Guildhall Yard|GYE92|11|OA115|1140|1230|10756|UNSEXED CHILD|SUB-ADULT 6-11 YEARS|Bone measurement|Ilium|Ilium Gsn Diameter R|10.6|
Medieval-Guildhall Yard|GYE92|11|OA115|1140|1230|10756|UNSEXED CHILD|SUB-ADULT 6-11 YEARS|Bone measurement|Ilium|Ilium Gsn Diameter L|11.5|
Medieval-Guildhall Yard|GYE92|11|OA115|1140|1230|10756|UNSEXED CHILD|SUB-ADULT 6-11 YEARS|Bone measurement|Ilium|Ilium Gsn Width L|30.8|
Medieval-Guildhall Yard|GYE92|11|OA115|1140|1230|10756|UNSEXED CHILD|SUB-ADULT 6-11 YEARS|Bone measurement|Ulna|Ulna Length R|164|
Medieval-Guildhall Yard|GYE92|11|OA115|1140|1230|10756|UNSEXED CHILD|SUB-ADULT 6-11 YEARS|Bone measurement|Ulna|Ulna Length L|163|
Medieval-Guildhall Yard|GYE92|11|OA115|1140|1230|10756|UNSEXED CHILD|SUB-ADULT 6-11 YEARS|Bone measurement|Femur|Femoral Length R|287|
Medieval-Guildhall Yard|GYE92|11|OA115|1140|1230|10756|UNSEXED CHILD|SUB-ADULT 6-11 YEARS|Bone measurement|Femur|Femoral Length L|282|
Medieval-Guildhall Yard|GYE92|11|OA115|1140|1230|10756|UNSEXED CHILD|SUB-ADULT 6-11 YEARS|Bone measurement|Femur|Femoral Width R|53.9|
Medieval-Guildhall Yard|GYE92|11|OA115|1140|1230|10756|UNSEXED CHILD|SUB-ADULT 6-11 YEARS|Bone measurement|Femur|Femoral Width L|53.1|
Medieval-Guildhall Yard|GYE92|11|OA115|1140|1230|10756|UNSEXED CHILD|SUB-ADULT 6-11 YEARS|Bone measurement|Tibia|Tibial Length R|230|
Medieval-Guildhall Yard|GYE92|11|OA115|1140|1230|10756|UNSEXED CHILD|SUB-ADULT 6-11 YEARS|Bone measurement|Tibia|Tibial Length L|229|
Medieval-Guildhall Yard|GYE92|11|OA115|1140|1230|10756|UNSEXED CHILD|SUB-ADULT 6-11 YEARS|Bone measurement|Clavicle|Clavicle Length R|92.1|
Medieval-Guildhall Yard|GYE92|11|OA115|1140|1230|10756|UNSEXED CHILD|SUB-ADULT 6-11 YEARS|Bone measurement|Ilium|Ilium Max Length R|92.9|
Medieval-Guildhall Yard|GYE92|11|OA115|1140|1230|10756|UNSEXED CHILD|SUB-ADULT 6-11 YEARS|Bone measurement|Ilium|Ilium Max Length L|91.9|
Medieval-Guildhall Yard|GYE92|11|OA115|1140|1230|10756|UNSEXED CHILD|SUB-ADULT 6-11 YEARS|Bone measurement|Ilium|Ilium Max Width R|99.6|
Medieval-Guildhall Yard|GYE92|11|OA115|1140|1230|10756|UNSEXED CHILD|SUB-ADULT 6-11 YEARS|Bone measurement|Ilium|Ilium Gsn Width R|27.1|
Medieval-Guildhall Yard|GYE92|11|OA115|1140|1230|10770|UNSEXED CHILD|SUB-ADULT 1-5 YEARS|Bone measurement|Ilium|Ilium Gsn Diameter L|6.1|
Medieval-Guildhall Yard|GYE92|11|OA115|1140|1230|10770|UNSEXED CHILD|SUB-ADULT 1-5 YEARS|Bone measurement|Humerus|Humeral Length R|131|
Medieval-Guildhall Yard|GYE92|11|OA115|1140|1230|10770|UNSEXED CHILD|SUB-ADULT 1-5 YEARS|Bone measurement|Humerus|Humeral Length L|132|
Medieval-Guildhall Yard|GYE92|11|OA115|1140|1230|10770|UNSEXED CHILD|SUB-ADULT 1-5 YEARS|Bone measurement|Ilium|Ilium Gsn Width L|17.1|
Medieval-Guildhall Yard|GYE92|11|OA115|1140|1230|10770|UNSEXED CHILD|SUB-ADULT 1-5 YEARS|Bone measurement|Humerus|Humeral Width R|30.8|
Medieval-Guildhall Yard|GYE92|11|OA115|1140|1230|10770|UNSEXED CHILD|SUB-ADULT 1-5 YEARS|Bone measurement|Radius|Radial Length R|97|
Medieval-Guildhall Yard|GYE92|11|OA115|1140|1230|10770|UNSEXED CHILD|SUB-ADULT 1-5 YEARS|Bone measurement|Radius|Radial Length L|97|
Medieval-Guildhall Yard|GYE92|11|OA115|1140|1230|10770|UNSEXED CHILD|SUB-ADULT 1-5 YEARS|Bone measurement|Ulna|Ulna Length R|106|
Medieval-Guildhall Yard|GYE92|11|OA115|1140|1230|10770|UNSEXED CHILD|SUB-ADULT 1-5 YEARS|Bone measurement|Femur|Femoral Length R|166|
Medieval-Guildhall Yard|GYE92|11|OA115|1140|1230|10770|UNSEXED CHILD|SUB-ADULT 1-5 YEARS|Bone measurement|Tibia|Tibial Length R|129|
Medieval-Guildhall Yard|GYE92|11|OA115|1140|1230|10770|UNSEXED CHILD|SUB-ADULT 1-5 YEARS|Bone measurement|Tibia|Tibial Length L|129|
Medieval-Guildhall Yard|GYE92|11|OA115|1140|1230|10770|UNSEXED CHILD|SUB-ADULT 1-5 YEARS|Bone measurement|Clavicle|Clavicle Length R|70.4|
Medieval-Guildhall Yard|GYE92|11|OA132|1140|1230|10856|UNSEXED CHILD|SUB-ADULT 6-11 YEARS|Bone measurement|Ilium|Ilium Gsn Diameter R|11.3|
Medieval-Guildhall Yard|GYE92|11|OA132|1140|1230|10856|UNSEXED CHILD|SUB-ADULT 6-11 YEARS|Bone measurement|Ilium|Ilium Gsn Diameter L|10.7|
Medieval-Guildhall Yard|GYE92|11|OA132|1140|1230|10856|UNSEXED CHILD|SUB-ADULT 6-11 YEARS|Bone measurement|Humerus|Humeral Length L|182|
Medieval-Guildhall Yard|GYE92|11|OA132|1140|1230|10856|UNSEXED CHILD|SUB-ADULT 6-11 YEARS|Bone measurement|Ilium|Ilium Gsn Width L|24.8|
Medieval-Guildhall Yard|GYE92|11|OA132|1140|1230|10856|UNSEXED CHILD|SUB-ADULT 6-11 YEARS|Bone measurement|Humerus|Humeral Width L|37.5|
Medieval-Guildhall Yard|GYE92|11|OA132|1140|1230|10856|UNSEXED CHILD|SUB-ADULT 6-11 YEARS|Bone measurement|Radius|Radial Length R|144|
Medieval-Guildhall Yard|GYE92|11|OA132|1140|1230|10856|UNSEXED CHILD|SUB-ADULT 6-11 YEARS|Bone measurement|Radius|Radial Length L|141|
Medieval-Guildhall Yard|GYE92|11|OA132|1140|1230|10856|UNSEXED CHILD|SUB-ADULT 6-11 YEARS|Bone measurement|Ulna|Ulna Length R|157|
Medieval-Guildhall Yard|GYE92|11|OA132|1140|1230|10856|UNSEXED CHILD|SUB-ADULT 6-11 YEARS|Bone measurement|Ulna|Ulna Length L|157|
Medieval-Guildhall Yard|GYE92|11|OA132|1140|1230|10856|UNSEXED CHILD|SUB-ADULT 6-11 YEARS|Bone measurement|Femur|Femoral Length L|247|
Medieval-Guildhall Yard|GYE92|11|OA132|1140|1230|10856|UNSEXED CHILD|SUB-ADULT 6-11 YEARS|Bone measurement|Femur|Femoral Width R|54.8|
Medieval-Guildhall Yard|GYE92|11|OA132|1140|1230|10856|UNSEXED CHILD|SUB-ADULT 6-11 YEARS|Bone measurement|Femur|Femoral Width L|54.3|
Medieval-Guildhall Yard|GYE92|11|OA132|1140|1230|10856|UNSEXED CHILD|SUB-ADULT 6-11 YEARS|Bone measurement|Tibia|Tibial Length L|208|
Medieval-Guildhall Yard|GYE92|11|OA132|1140|1230|10856|UNSEXED CHILD|SUB-ADULT 6-11 YEARS|Bone measurement|Fibia|Fibular Length R|201|
Medieval-Guildhall Yard|GYE92|11|OA132|1140|1230|10856|UNSEXED CHILD|SUB-ADULT 6-11 YEARS|Bone measurement|Ilium|Ilium Gsn Width R|26.9|
Medieval-Guildhall Yard|GYE92|11|OA115|1140|1230|10862|UNSEXED CHILD|SUB-ADULT 6-11 YEARS|Bone measurement|Ilium|Ilium Gsn Diameter R|12.9|
Medieval-Guildhall Yard|GYE92|11|OA115|1140|1230|10862|UNSEXED CHILD|SUB-ADULT 6-11 YEARS|Bone measurement|Ilium|Ilium Gsn Diameter L|12.6|
Medieval-Guildhall Yard|GYE92|11|OA115|1140|1230|10862|UNSEXED CHILD|SUB-ADULT 6-11 YEARS|Bone measurement|Humerus|Humeral Length R|212|
Medieval-Guildhall Yard|GYE92|11|OA115|1140|1230|10862|UNSEXED CHILD|SUB-ADULT 6-11 YEARS|Bone measurement|Humerus|Humeral Length L|210|
Medieval-Guildhall Yard|GYE92|11|OA115|1140|1230|10862|UNSEXED CHILD|SUB-ADULT 6-11 YEARS|Bone measurement|Ilium|Ilium Gsn Width L|33.1|
Medieval-Guildhall Yard|GYE92|11|OA115|1140|1230|10862|UNSEXED CHILD|SUB-ADULT 6-11 YEARS|Bone measurement|Humerus|Humeral Width R|40.4|
Medieval-Guildhall Yard|GYE92|11|OA115|1140|1230|10862|UNSEXED CHILD|SUB-ADULT 6-11 YEARS|Bone measurement|Humerus|Humeral Width L|39.7|
Medieval-Guildhall Yard|GYE92|11|OA115|1140|1230|10862|UNSEXED CHILD|SUB-ADULT 6-11 YEARS|Bone measurement|Radius|Radial Length R|156|
Medieval-Guildhall Yard|GYE92|11|OA115|1140|1230|10862|UNSEXED CHILD|SUB-ADULT 6-11 YEARS|Bone measurement|Radius|Radial Length L|155|
Medieval-Guildhall Yard|GYE92|11|OA115|1140|1230|10862|UNSEXED CHILD|SUB-ADULT 6-11 YEARS|Bone measurement|Ulna|Ulna Length R|176|
Medieval-Guildhall Yard|GYE92|11|OA115|1140|1230|10862|UNSEXED CHILD|SUB-ADULT 6-11 YEARS|Bone measurement|Ulna|Ulna Length L|172|
Medieval-Guildhall Yard|GYE92|11|OA115|1140|1230|10862|UNSEXED CHILD|SUB-ADULT 6-11 YEARS|Bone measurement|Femur|Femoral Length R|291|
Medieval-Guildhall Yard|GYE92|11|OA115|1140|1230|10862|UNSEXED CHILD|SUB-ADULT 6-11 YEARS|Bone measurement|Femur|Femoral Length L|295|
Medieval-Guildhall Yard|GYE92|11|OA115|1140|1230|10862|UNSEXED CHILD|SUB-ADULT 6-11 YEARS|Bone measurement|Femur|Femoral Width R|53.1|
Medieval-Guildhall Yard|GYE92|11|OA115|1140|1230|10862|UNSEXED CHILD|SUB-ADULT 6-11 YEARS|Bone measurement|Femur|Femoral Width L|53.3|
Medieval-Guildhall Yard|GYE92|11|OA115|1140|1230|10862|UNSEXED CHILD|SUB-ADULT 6-11 YEARS|Bone measurement|Tibia|Tibial Length L|230|
Medieval-Guildhall Yard|GYE92|11|OA115|1140|1230|10862|UNSEXED CHILD|SUB-ADULT 6-11 YEARS|Bone measurement|Fibia|Fibular Length L|224|
Medieval-Guildhall Yard|GYE92|11|OA115|1140|1230|10862|UNSEXED CHILD|SUB-ADULT 6-11 YEARS|Bone measurement|Clavicle|Clavicle Length R|97|
Medieval-Guildhall Yard|GYE92|11|OA115|1140|1230|10862|UNSEXED CHILD|SUB-ADULT 6-11 YEARS|Bone measurement|Clavicle|Clavicle Length L|98.1|
Medieval-Guildhall Yard|GYE92|11|OA115|1140|1230|10862|UNSEXED CHILD|SUB-ADULT 6-11 YEARS|Bone measurement|Ilium|Ilium Max Length R|90.8|
Medieval-Guildhall Yard|GYE92|11|OA115|1140|1230|10862|UNSEXED CHILD|SUB-ADULT 6-11 YEARS|Bone measurement|Ilium|Ilium Max Length L|92|
Medieval-Guildhall Yard|GYE92|11|OA115|1140|1230|10862|UNSEXED CHILD|SUB-ADULT 6-11 YEARS|Bone measurement|Ilium|Ilium Max Width R|99.1|
Medieval-Guildhall Yard|GYE92|11|OA115|1140|1230|10862|UNSEXED CHILD|SUB-ADULT 6-11 YEARS|Bone measurement|Ilium|Ilium Max Width L|100.5|
Medieval-Guildhall Yard|GYE92|11|OA115|1140|1230|10862|UNSEXED CHILD|SUB-ADULT 6-11 YEARS|Bone measurement|Ilium|Ilium Gsn Width R|31.6|
Medieval-Guildhall Yard|GYE92|11|OA115|1140|1230|10890|UNSEXED CHILD|SUB-ADULT 6-11 YEARS|Bone measurement|Ilium|Ilium Gsn Diameter R|13.7|
Medieval-Guildhall Yard|GYE92|11|OA115|1140|1230|10890|UNSEXED CHILD|SUB-ADULT 6-11 YEARS|Bone measurement|Ilium|Ilium Gsn Diameter L|13.9|
Medieval-Guildhall Yard|GYE92|11|OA115|1140|1230|10890|UNSEXED CHILD|SUB-ADULT 6-11 YEARS|Bone measurement|Ilium|Ilium Gsn Width L|33.1|
Medieval-Guildhall Yard|GYE92|11|OA115|1140|1230|10890|UNSEXED CHILD|SUB-ADULT 6-11 YEARS|Bone measurement|Humerus|Humeral Width L|50.5|
Medieval-Guildhall Yard|GYE92|11|OA115|1140|1230|10890|UNSEXED CHILD|SUB-ADULT 6-11 YEARS|Bone measurement|Radius|Radial Length L|188|
Medieval-Guildhall Yard|GYE92|11|OA115|1140|1230|10890|UNSEXED CHILD|SUB-ADULT 6-11 YEARS|Bone measurement|Ulna|Ulna Length R|208|
Medieval-Guildhall Yard|GYE92|11|OA115|1140|1230|10890|UNSEXED CHILD|SUB-ADULT 6-11 YEARS|Bone measurement|Ulna|Ulna Length L|210|
Medieval-Guildhall Yard|GYE92|11|OA115|1140|1230|10890|UNSEXED CHILD|SUB-ADULT 6-11 YEARS|Bone measurement|Femur|Femoral Length R|347|
Medieval-Guildhall Yard|GYE92|11|OA115|1140|1230|10890|UNSEXED CHILD|SUB-ADULT 6-11 YEARS|Bone measurement|Femur|Femoral Length L|352|
Medieval-Guildhall Yard|GYE92|11|OA115|1140|1230|10890|UNSEXED CHILD|SUB-ADULT 6-11 YEARS|Bone measurement|Femur|Femoral Width R|68.3|
Medieval-Guildhall Yard|GYE92|11|OA115|1140|1230|10890|UNSEXED CHILD|SUB-ADULT 6-11 YEARS|Bone measurement|Tibia|Tibial Length R|290|
Medieval-Guildhall Yard|GYE92|11|OA115|1140|1230|10890|UNSEXED CHILD|SUB-ADULT 6-11 YEARS|Bone measurement|Tibia|Tibial Length L|289|
Medieval-Guildhall Yard|GYE92|11|OA115|1140|1230|10890|UNSEXED CHILD|SUB-ADULT 6-11 YEARS|Bone measurement|Fibia|Fibular Length R|279|
Medieval-Guildhall Yard|GYE92|11|OA115|1140|1230|10890|UNSEXED CHILD|SUB-ADULT 6-11 YEARS|Bone measurement|Fibia|Fibular Length L|278|
Medieval-Guildhall Yard|GYE92|11|OA115|1140|1230|10890|UNSEXED CHILD|SUB-ADULT 6-11 YEARS|Bone measurement|Ilium|Ilium Max Length R|109|
Medieval-Guildhall Yard|GYE92|11|OA115|1140|1230|10890|UNSEXED CHILD|SUB-ADULT 6-11 YEARS|Bone measurement|Ilium|Ilium Max Length L|110.5|
Medieval-Guildhall Yard|GYE92|11|OA115|1140|1230|10890|UNSEXED CHILD|SUB-ADULT 6-11 YEARS|Bone measurement|Ilium|Ilium Max Width R|118.3|
Medieval-Guildhall Yard|GYE92|11|OA115|1140|1230|10890|UNSEXED CHILD|SUB-ADULT 6-11 YEARS|Bone measurement|Ilium|Ilium Max Width L|121.6|
Medieval-Guildhall Yard|GYE92|11|OA115|1140|1230|10890|UNSEXED CHILD|SUB-ADULT 6-11 YEARS|Bone measurement|Ilium|Ilium Gsn Width R|32.2|
Medieval-Guildhall Yard|GYE92|11|OA115|1140|1230|13042|UNSEXED CHILD|SUB-ADULT 12-17 YEARS|Bone measurement|Tibia|Tibial Length L|351|
Medieval-Guildhall Yard|GYE92|11|OA115|1140|1230|13110|UNSEXED CHILD|SUB-ADULT 1-5 YEARS|Bone measurement|Femur|Femoral Length R|137|
Medieval-Guildhall Yard|GYE92|11|OA115|1140|1230|13110|UNSEXED CHILD|SUB-ADULT 1-5 YEARS|Bone measurement|Femur|Femoral Width R|33.2|
Medieval-Guildhall Yard|GYE92|11|OA115|1140|1230|13110|UNSEXED CHILD|SUB-ADULT 1-5 YEARS|Bone measurement|Tibia|Tibial Length R|115|
Medieval-Guildhall Yard|GYE92|11|OA115|1140|1230|13209|UNSEXED CHILD|SUB-ADULT 6-11 YEARS|Bone measurement|Radius|Radial Length L|179|
Medieval-Guildhall Yard|GYE92|11|OA115|1140|1230|13316|UNSEXED CHILD|SUB-ADULT 6-11 YEARS|Bone measurement|Ilium|Ilium Gsn Diameter R|9.4|
Medieval-Guildhall Yard|GYE92|11|OA115|1140|1230|13316|UNSEXED CHILD|SUB-ADULT 6-11 YEARS|Bone measurement|Humerus|Humeral Length R|173|
Medieval-Guildhall Yard|GYE92|11|OA115|1140|1230|13316|UNSEXED CHILD|SUB-ADULT 6-11 YEARS|Bone measurement|Femur|Femoral Length R|233|
Medieval-Guildhall Yard|GYE92|11|OA115|1140|1230|13316|UNSEXED CHILD|SUB-ADULT 6-11 YEARS|Bone measurement|Tibia|Tibial Length R|181|
Medieval-Guildhall Yard|GYE92|11|OA115|1140|1230|13316|UNSEXED CHILD|SUB-ADULT 6-11 YEARS|Bone measurement|Clavicle|Clavicle Length R|89.7|
Medieval-Guildhall Yard|GYE92|11|OA115|1140|1230|13316|UNSEXED CHILD|SUB-ADULT 6-11 YEARS|Bone measurement|Ilium|Ilium Gsn Width R|26.1|
Medieval-Guildhall Yard|GYE92|10|OA102|1050|1140|20117|UNSEXED CHILD|SUB-ADULT 7-11 MONTHS|Bone measurement|Ilium|Ilium Gsn Diameter R|3.6|
Medieval-Guildhall Yard|GYE92|10|OA102|1050|1140|20117|UNSEXED CHILD|SUB-ADULT 7-11 MONTHS|Bone measurement|Ilium|Ilium Gsn Diameter L|3.4|
Medieval-Guildhall Yard|GYE92|10|OA102|1050|1140|20117|UNSEXED CHILD|SUB-ADULT 7-11 MONTHS|Bone measurement|Basioccipital|Basioccipital L1|13.8|
Medieval-Guildhall Yard|GYE92|10|OA102|1050|1140|20117|UNSEXED CHILD|SUB-ADULT 7-11 MONTHS|Bone measurement|Basioccipital|Basioccipital L2|19.9|
Medieval-Guildhall Yard|GYE92|10|OA102|1050|1140|20117|UNSEXED CHILD|SUB-ADULT 7-11 MONTHS|Bone measurement|Basioccipital|Basioccipital W|18|
Medieval-Guildhall Yard|GYE92|10|OA102|1050|1140|20117|UNSEXED CHILD|SUB-ADULT 7-11 MONTHS|Bone measurement|Humerus|Humeral Length R|78.2|
Medieval-Guildhall Yard|GYE92|10|OA102|1050|1140|20117|UNSEXED CHILD|SUB-ADULT 7-11 MONTHS|Bone measurement|Humerus|Humeral Length L|78.8|
Medieval-Guildhall Yard|GYE92|10|OA102|1050|1140|20117|UNSEXED CHILD|SUB-ADULT 7-11 MONTHS|Bone measurement|Ilium|Ilium Gsn Width L|12.5|
Medieval-Guildhall Yard|GYE92|10|OA102|1050|1140|20117|UNSEXED CHILD|SUB-ADULT 7-11 MONTHS|Bone measurement|Humerus|Humeral Width R|19.4|
Medieval-Guildhall Yard|GYE92|10|OA102|1050|1140|20117|UNSEXED CHILD|SUB-ADULT 7-11 MONTHS|Bone measurement|Humerus|Humeral Width L|19.3|
Medieval-Guildhall Yard|GYE92|10|OA102|1050|1140|20117|UNSEXED CHILD|SUB-ADULT 7-11 MONTHS|Bone measurement|Radius|Radial Length L|60.9|
Medieval-Guildhall Yard|GYE92|10|OA102|1050|1140|20117|UNSEXED CHILD|SUB-ADULT 7-11 MONTHS|Bone measurement|Ulna|Ulna Length L|68.3|
Medieval-Guildhall Yard|GYE92|10|OA102|1050|1140|20117|UNSEXED CHILD|SUB-ADULT 7-11 MONTHS|Bone measurement|Femur|Femoral Length R|96.7|
Medieval-Guildhall Yard|GYE92|10|OA102|1050|1140|20117|UNSEXED CHILD|SUB-ADULT 7-11 MONTHS|Bone measurement|Femur|Femoral Length L|96.7|
Medieval-Guildhall Yard|GYE92|10|OA102|1050|1140|20117|UNSEXED CHILD|SUB-ADULT 7-11 MONTHS|Bone measurement|Femur|Femoral Width R|24.4|
Medieval-Guildhall Yard|GYE92|10|OA102|1050|1140|20117|UNSEXED CHILD|SUB-ADULT 7-11 MONTHS|Bone measurement|Femur|Femoral Width L|25.4|
Medieval-Guildhall Yard|GYE92|10|OA102|1050|1140|20117|UNSEXED CHILD|SUB-ADULT 7-11 MONTHS|Bone measurement|Tibia|Tibial Length R|76.5|
Medieval-Guildhall Yard|GYE92|10|OA102|1050|1140|20117|UNSEXED CHILD|SUB-ADULT 7-11 MONTHS|Bone measurement|Tibia|Tibial Length L|77.1|
Medieval-Guildhall Yard|GYE92|10|OA102|1050|1140|20117|UNSEXED CHILD|SUB-ADULT 7-11 MONTHS|Bone measurement|Fibia|Fibular Length R|70.7|
Medieval-Guildhall Yard|GYE92|10|OA102|1050|1140|20117|UNSEXED CHILD|SUB-ADULT 7-11 MONTHS|Bone measurement|Clavicle|Clavicle Length R|58.1|
Medieval-Guildhall Yard|GYE92|10|OA102|1050|1140|20117|UNSEXED CHILD|SUB-ADULT 7-11 MONTHS|Bone measurement|Ilium|Ilium Max Length R|39|
Medieval-Guildhall Yard|GYE92|10|OA102|1050|1140|20117|UNSEXED CHILD|SUB-ADULT 7-11 MONTHS|Bone measurement|Ilium|Ilium Max Length L|38.9|
Medieval-Guildhall Yard|GYE92|10|OA102|1050|1140|20117|UNSEXED CHILD|SUB-ADULT 7-11 MONTHS|Bone measurement|Ilium|Ilium Max Width R|43.3|
Medieval-Guildhall Yard|GYE92|10|OA102|1050|1140|20117|UNSEXED CHILD|SUB-ADULT 7-11 MONTHS|Bone measurement|Ilium|Ilium Max Width L|43.1|
Medieval-Guildhall Yard|GYE92|10|OA102|1050|1140|20117|UNSEXED CHILD|SUB-ADULT 7-11 MONTHS|Bone measurement|Ilium|Ilium Gsn Width R|12.9|
Medieval-Guildhall Yard|GYE92|10|OA102|1050|1140|20277|UNSEXED CHILD|SUB-ADULT 6-11 YEARS|Bone measurement|Ilium|Ilium Gsn Diameter R|11.6|
Medieval-Guildhall Yard|GYE92|10|OA102|1050|1140|20277|UNSEXED CHILD|SUB-ADULT 6-11 YEARS|Bone measurement|Ilium|Ilium Gsn Diameter L|10.5|
Medieval-Guildhall Yard|GYE92|10|OA102|1050|1140|20277|UNSEXED CHILD|SUB-ADULT 6-11 YEARS|Bone measurement|Humerus|Humeral Length R|211|
Medieval-Guildhall Yard|GYE92|10|OA102|1050|1140|20277|UNSEXED CHILD|SUB-ADULT 6-11 YEARS|Bone measurement|Humerus|Humeral Length L|209|
Medieval-Guildhall Yard|GYE92|10|OA102|1050|1140|20277|UNSEXED CHILD|SUB-ADULT 6-11 YEARS|Bone measurement|Ilium|Ilium Gsn Width L|35.2|
Medieval-Guildhall Yard|GYE92|10|OA102|1050|1140|20277|UNSEXED CHILD|SUB-ADULT 6-11 YEARS|Bone measurement|Humerus|Humeral Width L|39.8|
Medieval-Guildhall Yard|GYE92|10|OA102|1050|1140|20277|UNSEXED CHILD|SUB-ADULT 6-11 YEARS|Bone measurement|Ulna|Ulna Length L|169|
Medieval-Guildhall Yard|GYE92|10|OA102|1050|1140|20277|UNSEXED CHILD|SUB-ADULT 6-11 YEARS|Bone measurement|Femur|Femoral Length R|294|
Medieval-Guildhall Yard|GYE92|10|OA102|1050|1140|20277|UNSEXED CHILD|SUB-ADULT 6-11 YEARS|Bone measurement|Femur|Femoral Length L|298|
Medieval-Guildhall Yard|GYE92|10|OA102|1050|1140|20277|UNSEXED CHILD|SUB-ADULT 6-11 YEARS|Bone measurement|Clavicle|Clavicle Length R|103.1|
Medieval-Guildhall Yard|GYE92|10|OA102|1050|1140|20277|UNSEXED CHILD|SUB-ADULT 6-11 YEARS|Bone measurement|Ilium|Ilium Max Length R|97.3|
Medieval-Guildhall Yard|GYE92|10|OA102|1050|1140|20277|UNSEXED CHILD|SUB-ADULT 6-11 YEARS|Bone measurement|Ilium|Ilium Max Width R|103.1|
Medieval-Guildhall Yard|GYE92|10|OA102|1050|1140|20277|UNSEXED CHILD|SUB-ADULT 6-11 YEARS|Bone measurement|Ilium|Ilium Max Width L|103.7|
Medieval-Guildhall Yard|GYE92|10|OA102|1050|1140|20277|UNSEXED CHILD|SUB-ADULT 6-11 YEARS|Bone measurement|Ilium|Ilium Gsn Width R|33.7|
Medieval-Guildhall Yard|GYE92|10|OA101|1050|1140|20533|UNSEXED CHILD|SUB-ADULT 1-5 YEARS|Bone measurement|Ilium|Ilium Gsn Diameter R|5.2|
Medieval-Guildhall Yard|GYE92|10|OA101|1050|1140|20533|UNSEXED CHILD|SUB-ADULT 1-5 YEARS|Bone measurement|Ilium|Ilium Gsn Diameter L|5|
Medieval-Guildhall Yard|GYE92|10|OA101|1050|1140|20533|UNSEXED CHILD|SUB-ADULT 1-5 YEARS|Bone measurement|Humerus|Humeral Length R|137.8|
Medieval-Guildhall Yard|GYE92|10|OA101|1050|1140|20533|UNSEXED CHILD|SUB-ADULT 1-5 YEARS|Bone measurement|Humerus|Humeral Length L|139.3|
Medieval-Guildhall Yard|GYE92|10|OA101|1050|1140|20533|UNSEXED CHILD|SUB-ADULT 1-5 YEARS|Bone measurement|Ilium|Ilium Gsn Width L|21.7|
Medieval-Guildhall Yard|GYE92|10|OA101|1050|1140|20533|UNSEXED CHILD|SUB-ADULT 1-5 YEARS|Bone measurement|Humerus|Humeral Width R|29.4|
Medieval-Guildhall Yard|GYE92|10|OA101|1050|1140|20533|UNSEXED CHILD|SUB-ADULT 1-5 YEARS|Bone measurement|Humerus|Humeral Width L|29.3|
Medieval-Guildhall Yard|GYE92|10|OA101|1050|1140|20533|UNSEXED CHILD|SUB-ADULT 1-5 YEARS|Bone measurement|Radius|Radial Length R|103.5|
Medieval-Guildhall Yard|GYE92|10|OA101|1050|1140|20533|UNSEXED CHILD|SUB-ADULT 1-5 YEARS|Bone measurement|Radius|Radial Length L|103.1|
Medieval-Guildhall Yard|GYE92|10|OA101|1050|1140|20533|UNSEXED CHILD|SUB-ADULT 1-5 YEARS|Bone measurement|Ulna|Ulna Length R|114.5|
Medieval-Guildhall Yard|GYE92|10|OA101|1050|1140|20533|UNSEXED CHILD|SUB-ADULT 1-5 YEARS|Bone measurement|Femur|Femoral Length R|186|
Medieval-Guildhall Yard|GYE92|10|OA101|1050|1140|20533|UNSEXED CHILD|SUB-ADULT 1-5 YEARS|Bone measurement|Femur|Femoral Length L|185|
Medieval-Guildhall Yard|GYE92|10|OA101|1050|1140|20533|UNSEXED CHILD|SUB-ADULT 1-5 YEARS|Bone measurement|Femur|Femoral Width L|41.4|
Medieval-Guildhall Yard|GYE92|10|OA101|1050|1140|20533|UNSEXED CHILD|SUB-ADULT 1-5 YEARS|Bone measurement|Tibia|Tibial Length R|144.4|
Medieval-Guildhall Yard|GYE92|10|OA101|1050|1140|20533|UNSEXED CHILD|SUB-ADULT 1-5 YEARS|Bone measurement|Tibia|Tibial Length L|143|
Medieval-Guildhall Yard|GYE92|10|OA101|1050|1140|20533|UNSEXED CHILD|SUB-ADULT 1-5 YEARS|Bone measurement|Fibia|Fibular Length R|141.4|
Medieval-Guildhall Yard|GYE92|10|OA101|1050|1140|20533|UNSEXED CHILD|SUB-ADULT 1-5 YEARS|Bone measurement|Fibia|Fibular Length L|142.1|
Medieval-Guildhall Yard|GYE92|10|OA101|1050|1140|20533|UNSEXED CHILD|SUB-ADULT 1-5 YEARS|Bone measurement|Clavicle|Clavicle Length L|69|
Medieval-Guildhall Yard|GYE92|10|OA101|1050|1140|20533|UNSEXED CHILD|SUB-ADULT 1-5 YEARS|Bone measurement|Ilium|Ilium Max Length R|64.9|
Medieval-Guildhall Yard|GYE92|10|OA101|1050|1140|20533|UNSEXED CHILD|SUB-ADULT 1-5 YEARS|Bone measurement|Ilium|Ilium Max Length L|65.4|
Medieval-Guildhall Yard|GYE92|10|OA101|1050|1140|20533|UNSEXED CHILD|SUB-ADULT 1-5 YEARS|Bone measurement|Ilium|Ilium Max Width L|72.9|
Medieval-Guildhall Yard|GYE92|10|OA101|1050|1140|20533|UNSEXED CHILD|SUB-ADULT 1-5 YEARS|Bone measurement|Ilium|Ilium Gsn Width R|18.5|
Medieval-Guildhall Yard|GYE92|10|OA102|1050|1140|20578|UNSEXED CHILD|SUB-ADULT 6-11 YEARS|Bone measurement|Tibia|Tibial Length R|261|
Medieval-Guildhall Yard|GYE92|10|OA102|1050|1140|20578|UNSEXED CHILD|SUB-ADULT 6-11 YEARS|Bone measurement|Tibia|Tibial Length L|259|
Medieval-Guildhall Yard|GYE92|10|OA102|1050|1140|20578|UNSEXED CHILD|SUB-ADULT 6-11 YEARS|Bone measurement|Fibia|Fibular Length R|255|
Medieval-Guildhall Yard|GYE92|10|OA102|1050|1140|20586|UNSEXED CHILD|SUB-ADULT 6-11 YEARS|Bone measurement|Ilium|Ilium Gsn Diameter R|12.9|
Medieval-Guildhall Yard|GYE92|10|OA102|1050|1140|20586|UNSEXED CHILD|SUB-ADULT 6-11 YEARS|Bone measurement|Ilium|Ilium Gsn Diameter L|12.6|
Medieval-Guildhall Yard|GYE92|10|OA102|1050|1140|20586|UNSEXED CHILD|SUB-ADULT 6-11 YEARS|Bone measurement|Ilium|Ilium Gsn Width L|36.8|
Medieval-Guildhall Yard|GYE92|10|OA102|1050|1140|20586|UNSEXED CHILD|SUB-ADULT 6-11 YEARS|Bone measurement|Radius|Radial Length R|174|
Medieval-Guildhall Yard|GYE92|10|OA102|1050|1140|20586|UNSEXED CHILD|SUB-ADULT 6-11 YEARS|Bone measurement|Ulna|Ulna Length L|187|
Medieval-Guildhall Yard|GYE92|10|OA102|1050|1140|20586|UNSEXED CHILD|SUB-ADULT 6-11 YEARS|Bone measurement|Femur|Femoral Length R|326|
Medieval-Guildhall Yard|GYE92|10|OA102|1050|1140|20586|UNSEXED CHILD|SUB-ADULT 6-11 YEARS|Bone measurement|Femur|Femoral Length L|323|
Medieval-Guildhall Yard|GYE92|10|OA102|1050|1140|20586|UNSEXED CHILD|SUB-ADULT 6-11 YEARS|Bone measurement|Femur|Femoral Width R|63.6|
Medieval-Guildhall Yard|GYE92|10|OA102|1050|1140|20586|UNSEXED CHILD|SUB-ADULT 6-11 YEARS|Bone measurement|Femur|Femoral Width L|62.9|
Medieval-Guildhall Yard|GYE92|10|OA102|1050|1140|20586|UNSEXED CHILD|SUB-ADULT 6-11 YEARS|Bone measurement|Tibia|Tibial Length R|257|
Medieval-Guildhall Yard|GYE92|10|OA102|1050|1140|20586|UNSEXED CHILD|SUB-ADULT 6-11 YEARS|Bone measurement|Tibia|Tibial Length L|259|
Medieval-Guildhall Yard|GYE92|10|OA102|1050|1140|20586|UNSEXED CHILD|SUB-ADULT 6-11 YEARS|Bone measurement|Fibia|Fibular Length R|253|
Medieval-Guildhall Yard|GYE92|10|OA102|1050|1140|20586|UNSEXED CHILD|SUB-ADULT 6-11 YEARS|Bone measurement|Ilium|Ilium Max Length R|103|
Medieval-Guildhall Yard|GYE92|10|OA102|1050|1140|20586|UNSEXED CHILD|SUB-ADULT 6-11 YEARS|Bone measurement|Ilium|Ilium Max Length L|102.3|
Medieval-Guildhall Yard|GYE92|10|OA102|1050|1140|20586|UNSEXED CHILD|SUB-ADULT 6-11 YEARS|Bone measurement|Ilium|Ilium Max Width R|117.2|
Medieval-Guildhall Yard|GYE92|10|OA102|1050|1140|20586|UNSEXED CHILD|SUB-ADULT 6-11 YEARS|Bone measurement|Ilium|Ilium Max Width L|116.9|
Medieval-Guildhall Yard|GYE92|10|OA102|1050|1140|20586|UNSEXED CHILD|SUB-ADULT 6-11 YEARS|Bone measurement|Ilium|Ilium Gsn Width R|35.2|
Medieval-Guildhall Yard|GYE92|10|OA102|1050|1140|20619|UNSEXED CHILD|SUB-ADULT 1-5 YEARS|Bone measurement|Humerus|Humeral Length L|79.6|
Medieval-Guildhall Yard|GYE92|10|OA102|1050|1140|20619|UNSEXED CHILD|SUB-ADULT 1-5 YEARS|Bone measurement|Humerus|Humeral Width L|20.4|
Medieval-Guildhall Yard|GYE92|10|OA102|1050|1140|20619|UNSEXED CHILD|SUB-ADULT 1-5 YEARS|Bone measurement|Ulna|Ulna Length L|72.1|
Medieval-Guildhall Yard|GYE92|10|OA102|1050|1140|20619|UNSEXED CHILD|SUB-ADULT 1-5 YEARS|Bone measurement|Clavicle|Clavicle Length R|48.1|
Medieval-Guildhall Yard|GYE92|10|OA102|1050|1140|20619|UNSEXED CHILD|SUB-ADULT 1-5 YEARS|Bone measurement|Clavicle|Clavicle Length L|47.4|
