CEMETERY|SITECODE|PERIOD|LU_INT|E_DATE|L_DATE|CONTEXT|SEX|AGE|TRAIT_TYPE|GROUP|EXPANSION|VALUE

Medieval-Guildhall Yard|GYE92|11|OA115|1140|1230|10656|FEMALE|ADULT >46 YEARS|Vertebral degenerative joint disease|T6-7|IVD|1|
Medieval-Guildhall Yard|GYE92|11|OA115|1140|1230|10656|FEMALE|ADULT >46 YEARS|Vertebral degenerative joint disease|T6-7|SN|1|
Medieval-Guildhall Yard|GYE92|11|OA115|1140|1230|10656|FEMALE|ADULT >46 YEARS|Vertebral degenerative joint disease|T7-8|SN|1|
Medieval-Guildhall Yard|GYE92|11|OA115|1140|1230|10656|FEMALE|ADULT >46 YEARS|Vertebral degenerative joint disease|T8-9|IVD|1|
Medieval-Guildhall Yard|GYE92|11|OA115|1140|1230|10656|FEMALE|ADULT >46 YEARS|Vertebral degenerative joint disease|T12-L1|SN|1|
Medieval-Guildhall Yard|GYE92|11|OA115|1140|1230|10656|FEMALE|ADULT >46 YEARS|Vertebral degenerative joint disease|T9-10|OP|1|
Medieval-Guildhall Yard|GYE92|11|OA115|1140|1230|10656|FEMALE|ADULT >46 YEARS|Vertebral degenerative joint disease|T9-10|SN|1|
Medieval-Guildhall Yard|GYE92|11|OA115|1140|1230|10656|FEMALE|ADULT >46 YEARS|Vertebral degenerative joint disease|T10-11|SN|1|
Medieval-Guildhall Yard|GYE92|11|OA115|1140|1230|10656|FEMALE|ADULT >46 YEARS|Vertebral degenerative joint disease|L1-2|SN|1|
Medieval-Guildhall Yard|GYE92|11|OA115|1140|1230|10656|FEMALE|ADULT >46 YEARS|Vertebral degenerative joint disease|L2-3|SN|1|
Medieval-Guildhall Yard|GYE92|11|OA115|1140|1230|10656|FEMALE|ADULT >46 YEARS|Vertebral degenerative joint disease|T5-6|IVD|1|
Medieval-Guildhall Yard|GYE92|11|OA115|1140|1230|10656|FEMALE|ADULT >46 YEARS|Vertebral degenerative joint disease|T5-6|SN|1|
Medieval-Guildhall Yard|GYE92|11|OA115|1140|1230|10656|FEMALE|ADULT >46 YEARS|Vertebral degenerative joint disease|L4-5|IVD|3|
Medieval-Guildhall Yard|GYE92|13|OA219|1270|1350|10682|MALE?|ADULT 18-25 YEARS|Vertebral degenerative joint disease|L2-3|SN|1|
Medieval-Guildhall Yard|GYE92|11|OA115|1140|1230|10705|FEMALE|ADULT 26-35 YEARS|Vertebral degenerative joint disease|T6-7|SN|2|
Medieval-Guildhall Yard|GYE92|11|OA115|1140|1230|10705|FEMALE|ADULT 26-35 YEARS|Vertebral degenerative joint disease|T7-8|SN|2|
Medieval-Guildhall Yard|GYE92|11|OA115|1140|1230|10705|FEMALE|ADULT 26-35 YEARS|Vertebral degenerative joint disease|T8-9|IVD|2|
Medieval-Guildhall Yard|GYE92|11|OA115|1140|1230|10705|FEMALE|ADULT 26-35 YEARS|Vertebral degenerative joint disease|T11-12|IVD|1|
Medieval-Guildhall Yard|GYE92|11|OA115|1140|1230|10705|FEMALE|ADULT 26-35 YEARS|Vertebral degenerative joint disease|T11-12|SN|2|
Medieval-Guildhall Yard|GYE92|11|OA115|1140|1230|10705|FEMALE|ADULT 26-35 YEARS|Vertebral degenerative joint disease|T12-L1|IVD|1|
Medieval-Guildhall Yard|GYE92|11|OA115|1140|1230|10705|FEMALE|ADULT 26-35 YEARS|Vertebral degenerative joint disease|T12-L1|SN|2|
Medieval-Guildhall Yard|GYE92|11|OA115|1140|1230|10705|FEMALE|ADULT 26-35 YEARS|Vertebral degenerative joint disease|T9-10|IVD|1|
Medieval-Guildhall Yard|GYE92|11|OA115|1140|1230|10705|FEMALE|ADULT 26-35 YEARS|Vertebral degenerative joint disease|T9-10|SN|2|
Medieval-Guildhall Yard|GYE92|11|OA115|1140|1230|10705|FEMALE|ADULT 26-35 YEARS|Vertebral degenerative joint disease|T10-11|IVD|1|
Medieval-Guildhall Yard|GYE92|11|OA115|1140|1230|10705|FEMALE|ADULT 26-35 YEARS|Vertebral degenerative joint disease|T10-11|SN|2|
Medieval-Guildhall Yard|GYE92|11|OA115|1140|1230|10705|FEMALE|ADULT 26-35 YEARS|Vertebral degenerative joint disease|L1-2|SN|1|
Medieval-Guildhall Yard|GYE92|11|OA115|1140|1230|10705|FEMALE|ADULT 26-35 YEARS|Vertebral degenerative joint disease|L2-3|IVD|1|
Medieval-Guildhall Yard|GYE92|11|OA115|1140|1230|10705|FEMALE|ADULT 26-35 YEARS|Vertebral degenerative joint disease|L2-3|SN|3|
Medieval-Guildhall Yard|GYE92|11|OA115|1140|1230|10705|FEMALE|ADULT 26-35 YEARS|Vertebral degenerative joint disease|L3-4|IVD|1|
Medieval-Guildhall Yard|GYE92|11|OA115|1140|1230|10705|FEMALE|ADULT 26-35 YEARS|Vertebral degenerative joint disease|T5-6|SN|2|
Medieval-Guildhall Yard|GYE92|11|OA115|1140|1230|10723|MALE?|ADULT 36-45 YEARS|Vertebral degenerative joint disease|T8-9|SN|1|
Medieval-Guildhall Yard|GYE92|11|OA115|1140|1230|10723|MALE?|ADULT 36-45 YEARS|Vertebral degenerative joint disease|T9-10|SN|2|
Medieval-Guildhall Yard|GYE92|11|OA115|1140|1230|10731|FEMALE|ADULT >46 YEARS|Vertebral degenerative joint disease|T9-10|SN|1|
Medieval-Guildhall Yard|GYE92|11|OA115|1140|1230|10731|FEMALE|ADULT >46 YEARS|Vertebral degenerative joint disease|L1-2|SN|1|
Medieval-Guildhall Yard|GYE92|11|OA115|1140|1230|10734|MALE|ADULT 36-45 YEARS|Vertebral degenerative joint disease|T7-8|OP|2|
Medieval-Guildhall Yard|GYE92|11|OA115|1140|1230|10734|MALE|ADULT 36-45 YEARS|Vertebral degenerative joint disease|T10-11|OP|2|
Medieval-Guildhall Yard|GYE92|11|OA115|1140|1230|10734|MALE|ADULT 36-45 YEARS|Vertebral degenerative joint disease|T2-3|OP|1|
Medieval-Guildhall Yard|GYE92|11|OA115|1140|1230|10734|MALE|ADULT 36-45 YEARS|Vertebral degenerative joint disease|T3-4|OP|1|
Medieval-Guildhall Yard|GYE92|11|OA115|1140|1230|10734|MALE|ADULT 36-45 YEARS|Vertebral degenerative joint disease|T4-5|OP|2|
Medieval-Guildhall Yard|GYE92|11|OA115|1140|1230|10734|MALE|ADULT 36-45 YEARS|Vertebral degenerative joint disease|T5-6|OP|1|
Medieval-Guildhall Yard|GYE92|11|OA115|1140|1230|10734|MALE|ADULT 36-45 YEARS|Vertebral degenerative joint disease|T6-7|OP|2|
Medieval-Guildhall Yard|GYE92|11|OA115|1140|1230|10734|MALE|ADULT 36-45 YEARS|Vertebral degenerative joint disease|L4-5|OP|1|
Medieval-Guildhall Yard|GYE92|11|OA115|1140|1230|10739|MALE?|ADULT 36-45 YEARS|Vertebral degenerative joint disease|T7-8|IVD|1|
Medieval-Guildhall Yard|GYE92|11|OA115|1140|1230|10739|MALE?|ADULT 36-45 YEARS|Vertebral degenerative joint disease|T8-9|IVD|1|
Medieval-Guildhall Yard|GYE92|11|OA115|1140|1230|10739|MALE?|ADULT 36-45 YEARS|Vertebral degenerative joint disease|T10-11|OP|2|
Medieval-Guildhall Yard|GYE92|11|OA115|1140|1230|10774|MALE|ADULT 36-45 YEARS|Vertebral degenerative joint disease|T6-7|IVD|1|
Medieval-Guildhall Yard|GYE92|11|OA115|1140|1230|10774|MALE|ADULT 36-45 YEARS|Vertebral degenerative joint disease|T6-7|SN|1|
Medieval-Guildhall Yard|GYE92|11|OA115|1140|1230|10774|MALE|ADULT 36-45 YEARS|Vertebral degenerative joint disease|T7-8|IVD|1|
Medieval-Guildhall Yard|GYE92|11|OA115|1140|1230|10774|MALE|ADULT 36-45 YEARS|Vertebral degenerative joint disease|T7-8|SN|2|
Medieval-Guildhall Yard|GYE92|11|OA115|1140|1230|10774|MALE|ADULT 36-45 YEARS|Vertebral degenerative joint disease|T8-9|IVD|1|
Medieval-Guildhall Yard|GYE92|11|OA115|1140|1230|10774|MALE|ADULT 36-45 YEARS|Vertebral degenerative joint disease|T8-9|SN|2|
Medieval-Guildhall Yard|GYE92|11|OA115|1140|1230|10774|MALE|ADULT 36-45 YEARS|Vertebral degenerative joint disease|T11-12|IVD|1|
Medieval-Guildhall Yard|GYE92|11|OA115|1140|1230|10774|MALE|ADULT 36-45 YEARS|Vertebral degenerative joint disease|T9-10|IVD|1|
Medieval-Guildhall Yard|GYE92|11|OA115|1140|1230|10774|MALE|ADULT 36-45 YEARS|Vertebral degenerative joint disease|T10-11|IVD|1|
Medieval-Guildhall Yard|GYE92|11|OA115|1140|1230|10774|MALE|ADULT 36-45 YEARS|Vertebral degenerative joint disease|L3-4|IVD|1|
Medieval-Guildhall Yard|GYE92|11|OA115|1140|1230|10774|MALE|ADULT 36-45 YEARS|Vertebral degenerative joint disease|C5-6|IVD|1|
Medieval-Guildhall Yard|GYE92|11|OA115|1140|1230|10792|MALE|ADULT 26-35 YEARS|Vertebral degenerative joint disease|T7-8|SN|1|
Medieval-Guildhall Yard|GYE92|11|OA115|1140|1230|10792|MALE|ADULT 26-35 YEARS|Vertebral degenerative joint disease|T8-9|SN|2|
Medieval-Guildhall Yard|GYE92|11|OA115|1140|1230|10792|MALE|ADULT 26-35 YEARS|Vertebral degenerative joint disease|T11-12|SN|2|
Medieval-Guildhall Yard|GYE92|11|OA115|1140|1230|10792|MALE|ADULT 26-35 YEARS|Vertebral degenerative joint disease|T12-L1|SN|2|
Medieval-Guildhall Yard|GYE92|11|OA115|1140|1230|10792|MALE|ADULT 26-35 YEARS|Vertebral degenerative joint disease|T9-10|SN|1|
Medieval-Guildhall Yard|GYE92|11|OA115|1140|1230|10792|MALE|ADULT 26-35 YEARS|Vertebral degenerative joint disease|T10-11|SN|1|
Medieval-Guildhall Yard|GYE92|11|OA115|1140|1230|10792|MALE|ADULT 26-35 YEARS|Vertebral degenerative joint disease|T4-5|SN|1|
Medieval-Guildhall Yard|GYE92|11|OA115|1140|1230|10792|MALE|ADULT 26-35 YEARS|Vertebral degenerative joint disease|T5-6|SN|1|
Medieval-Guildhall Yard|GYE92|11|OA115|1140|1230|10891|MALE?|ADULT 18-25 YEARS|Vertebral degenerative joint disease|T8-9|IVD|1|
Medieval-Guildhall Yard|GYE92|11|OA115|1140|1230|10891|MALE?|ADULT 18-25 YEARS|Vertebral degenerative joint disease|T8-9|SN|1|
Medieval-Guildhall Yard|GYE92|11|OA115|1140|1230|10891|MALE?|ADULT 18-25 YEARS|Vertebral degenerative joint disease|L3-4|SN|1|
Medieval-Guildhall Yard|GYE92|11|OA115|1140|1230|10891|MALE?|ADULT 18-25 YEARS|Vertebral degenerative joint disease|T9-10|IVD|1|
Medieval-Guildhall Yard|GYE92|11|OA115|1140|1230|10891|MALE?|ADULT 18-25 YEARS|Vertebral degenerative joint disease|T9-10|SN|1|
Medieval-Guildhall Yard|GYE92|11|OA115|1140|1230|10915|MALE?|ADULT 36-45 YEARS|Vertebral degenerative joint disease|T8-9|OP|1|
Medieval-Guildhall Yard|GYE92|11|OA115|1140|1230|10915|MALE?|ADULT 36-45 YEARS|Vertebral degenerative joint disease|T11-12|OP|1|
Medieval-Guildhall Yard|GYE92|11|OA115|1140|1230|10915|MALE?|ADULT 36-45 YEARS|Vertebral degenerative joint disease|T12-L1|OP|1|
Medieval-Guildhall Yard|GYE92|11|OA115|1140|1230|10915|MALE?|ADULT 36-45 YEARS|Vertebral degenerative joint disease|T9-10|OP|2|
Medieval-Guildhall Yard|GYE92|11|OA115|1140|1230|10915|MALE?|ADULT 36-45 YEARS|Vertebral degenerative joint disease|T10-11|OP|2|
Medieval-Guildhall Yard|GYE92|11|OA115|1140|1230|10915|MALE?|ADULT 36-45 YEARS|Vertebral degenerative joint disease|L1-2|OP|1|
Medieval-Guildhall Yard|GYE92|11|OA115|1140|1230|10915|MALE?|ADULT 36-45 YEARS|Vertebral degenerative joint disease|L2-3|OP|1|
Medieval-Guildhall Yard|GYE92|11|OA115|1140|1230|10915|MALE?|ADULT 36-45 YEARS|Vertebral degenerative joint disease|L3-4|OP|1|
Medieval-Guildhall Yard|GYE92|11|OA115|1140|1230|10915|MALE?|ADULT 36-45 YEARS|Vertebral degenerative joint disease|C5-6|OP|2|
Medieval-Guildhall Yard|GYE92|11|OA115|1140|1230|10915|MALE?|ADULT 36-45 YEARS|Vertebral degenerative joint disease|C4-5|OP|1|
Medieval-Guildhall Yard|GYE92|11|OA115|1140|1230|10915|MALE?|ADULT 36-45 YEARS|Vertebral degenerative joint disease|C6-7|OP|2|
Medieval-Guildhall Yard|GYE92|11|OA115|1140|1230|10915|MALE?|ADULT 36-45 YEARS|Vertebral degenerative joint disease|C6-7|IVD|3|
Medieval-Guildhall Yard|GYE92|11|OA115|1140|1230|10915|MALE?|ADULT 36-45 YEARS|Vertebral degenerative joint disease|C7-T1|Facets|3|
Medieval-Guildhall Yard|GYE92|11|OA115|1140|1230|10915|MALE?|ADULT 36-45 YEARS|Vertebral degenerative joint disease|C7-T1|OP|2|
Medieval-Guildhall Yard|GYE92|11|OA115|1140|1230|10915|MALE?|ADULT 36-45 YEARS|Vertebral degenerative joint disease|C7-T1|IVD|3|
Medieval-Guildhall Yard|GYE92|11|OA115|1140|1230|10915|MALE?|ADULT 36-45 YEARS|Vertebral degenerative joint disease|C5-6|IVD|2|
Medieval-Guildhall Yard|GYE92|11|OA115|1140|1230|10915|MALE?|ADULT 36-45 YEARS|Vertebral degenerative joint disease|T3-4|OP|1|
Medieval-Guildhall Yard|GYE92|11|OA115|1140|1230|10915|MALE?|ADULT 36-45 YEARS|Vertebral degenerative joint disease|L4-5|OP|1|
Medieval-Guildhall Yard|GYE92|11|OA115|1140|1230|10915|MALE?|ADULT 36-45 YEARS|Vertebral degenerative joint disease|L5-S1|OP|1|
Medieval-Guildhall Yard|GYE92|11|OA115|1140|1230|10957|MALE?|ADULT 26-35 YEARS|Vertebral degenerative joint disease|T6-7|SN|1|
Medieval-Guildhall Yard|GYE92|11|OA115|1140|1230|10957|MALE?|ADULT 26-35 YEARS|Vertebral degenerative joint disease|T7-8|SN|1|
Medieval-Guildhall Yard|GYE92|11|OA115|1140|1230|10957|MALE?|ADULT 26-35 YEARS|Vertebral degenerative joint disease|T8-9|IVD|1|
Medieval-Guildhall Yard|GYE92|11|OA115|1140|1230|10957|MALE?|ADULT 26-35 YEARS|Vertebral degenerative joint disease|T8-9|SN|1|
Medieval-Guildhall Yard|GYE92|11|OA115|1140|1230|10957|MALE?|ADULT 26-35 YEARS|Vertebral degenerative joint disease|T5-6|SN|1|
Medieval-Guildhall Yard|GYE92|11|OA115|1140|1230|13281|UNDETERMINABLE|ADULT 36-45 YEARS|Vertebral degenerative joint disease|T7-8|Facets|3|
Medieval-Guildhall Yard|GYE92|11|OA115|1140|1230|13281|UNDETERMINABLE|ADULT 36-45 YEARS|Vertebral degenerative joint disease|T8-9|Facets|3|
Medieval-Guildhall Yard|GYE92|11|OA115|1140|1230|13281|UNDETERMINABLE|ADULT 36-45 YEARS|Vertebral degenerative joint disease|T6-7|Facets|3|
Medieval-Guildhall Yard|GYE92|11|OA132|1140|1230|13287|FEMALE?|ADULT >46 YEARS|Vertebral degenerative joint disease|C3-4|Facets|3|
Medieval-Guildhall Yard|GYE92|11|OA132|1140|1230|13287|FEMALE?|ADULT >46 YEARS|Vertebral degenerative joint disease|C4-5|IVD|1|
Medieval-Guildhall Yard|GYE92|11|OA132|1140|1230|13287|FEMALE?|ADULT >46 YEARS|Vertebral degenerative joint disease|T1-2|Facets|3|
Medieval-Guildhall Yard|GYE92|11|OA132|1140|1230|13287|FEMALE?|ADULT >46 YEARS|Vertebral degenerative joint disease|T2-3|Facets|2|
Medieval-Guildhall Yard|GYE92|11|OA115|1140|1230|13367|FEMALE|ADULT 26-35 YEARS|Vertebral degenerative joint disease|L3-4|SN|2|
Medieval-Guildhall Yard|GYE92|11|OA115|1140|1230|13367|FEMALE|ADULT 26-35 YEARS|Vertebral degenerative joint disease|T9-10|IVD|1|
Medieval-Guildhall Yard|GYE92|11|OA115|1140|1230|13367|FEMALE|ADULT 26-35 YEARS|Vertebral degenerative joint disease|L1-2|SN|1|
Medieval-Guildhall Yard|GYE92|11|OA115|1140|1230|13367|FEMALE|ADULT 26-35 YEARS|Vertebral degenerative joint disease|L2-3|SN|2|
Medieval-Guildhall Yard|GYE92|10|OA108|1050|1140|17166|MALE|ADULT >46 YEARS|Vertebral degenerative joint disease|T6-7|IVD|1|
Medieval-Guildhall Yard|GYE92|10|OA108|1050|1140|17166|MALE|ADULT >46 YEARS|Vertebral degenerative joint disease|T11-12|OP|1|
Medieval-Guildhall Yard|GYE92|10|OA108|1050|1140|17166|MALE|ADULT >46 YEARS|Vertebral degenerative joint disease|T11-12|IVD|1|
Medieval-Guildhall Yard|GYE92|10|OA108|1050|1140|17166|MALE|ADULT >46 YEARS|Vertebral degenerative joint disease|C5-6|OP|1|
Medieval-Guildhall Yard|GYE92|10|OA108|1050|1140|17166|MALE|ADULT >46 YEARS|Vertebral degenerative joint disease|C3-4|Facets|3|
Medieval-Guildhall Yard|GYE92|10|OA108|1050|1140|17166|MALE|ADULT >46 YEARS|Vertebral degenerative joint disease|C5-6|IVD|1|
Medieval-Guildhall Yard|GYE92|10|OA108|1050|1140|17166|MALE|ADULT >46 YEARS|Vertebral degenerative joint disease|L4-5|IVD|3|
Medieval-Guildhall Yard|GYE92|10|OA108|1050|1140|17166|MALE|ADULT >46 YEARS|Vertebral degenerative joint disease|L5-S1|IVD|3|
Medieval-Guildhall Yard|GYE92|10|OA102|1050|1140|20065|MALE|ADULT 26-35 YEARS|Vertebral degenerative joint disease|T11-12|SN|1|
Medieval-Guildhall Yard|GYE92|10|OA102|1050|1140|20065|MALE|ADULT 26-35 YEARS|Vertebral degenerative joint disease|T9-10|SN|1|
Medieval-Guildhall Yard|GYE92|10|OA102|1050|1140|20105|MALE|ADULT 36-45 YEARS|Vertebral degenerative joint disease|T7-8|OP|1|
Medieval-Guildhall Yard|GYE92|10|OA102|1050|1140|20105|MALE|ADULT 36-45 YEARS|Vertebral degenerative joint disease|T11-12|OP|1|
Medieval-Guildhall Yard|GYE92|10|OA102|1050|1140|20105|MALE|ADULT 36-45 YEARS|Vertebral degenerative joint disease|T11-12|SN|1|
Medieval-Guildhall Yard|GYE92|10|OA102|1050|1140|20105|MALE|ADULT 36-45 YEARS|Vertebral degenerative joint disease|T12-L1|OP|1|
Medieval-Guildhall Yard|GYE92|10|OA102|1050|1140|20105|MALE|ADULT 36-45 YEARS|Vertebral degenerative joint disease|T12-L1|IVD|1|
Medieval-Guildhall Yard|GYE92|10|OA102|1050|1140|20105|MALE|ADULT 36-45 YEARS|Vertebral degenerative joint disease|T12-L1|SN|2|
Medieval-Guildhall Yard|GYE92|10|OA102|1050|1140|20105|MALE|ADULT 36-45 YEARS|Vertebral degenerative joint disease|T9-10|OP|1|
Medieval-Guildhall Yard|GYE92|10|OA102|1050|1140|20105|MALE|ADULT 36-45 YEARS|Vertebral degenerative joint disease|T9-10|SN|1|
Medieval-Guildhall Yard|GYE92|10|OA102|1050|1140|20105|MALE|ADULT 36-45 YEARS|Vertebral degenerative joint disease|T10-11|OP|1|
Medieval-Guildhall Yard|GYE92|10|OA102|1050|1140|20105|MALE|ADULT 36-45 YEARS|Vertebral degenerative joint disease|T10-11|IVD|1|
Medieval-Guildhall Yard|GYE92|10|OA102|1050|1140|20105|MALE|ADULT 36-45 YEARS|Vertebral degenerative joint disease|T10-11|SN|2|
Medieval-Guildhall Yard|GYE92|10|OA102|1050|1140|20105|MALE|ADULT 36-45 YEARS|Vertebral degenerative joint disease|L1-2|SN|1|
Medieval-Guildhall Yard|GYE92|10|OA102|1050|1140|20105|MALE|ADULT 36-45 YEARS|Vertebral degenerative joint disease|L2-3|SN|1|
Medieval-Guildhall Yard|GYE92|10|OA102|1050|1140|20105|MALE|ADULT 36-45 YEARS|Vertebral degenerative joint disease|L3-4|IVD|1|
Medieval-Guildhall Yard|GYE92|10|OA102|1050|1140|20105|MALE|ADULT 36-45 YEARS|Vertebral degenerative joint disease|C5-6|IVD|2|
Medieval-Guildhall Yard|GYE92|10|OA102|1050|1140|20105|MALE|ADULT 36-45 YEARS|Vertebral degenerative joint disease|T4-5|OP|1|
Medieval-Guildhall Yard|GYE92|10|OA102|1050|1140|20105|MALE|ADULT 36-45 YEARS|Vertebral degenerative joint disease|T4-5|SN|1|
Medieval-Guildhall Yard|GYE92|10|OA102|1050|1140|20105|MALE|ADULT 36-45 YEARS|Vertebral degenerative joint disease|T5-6|OP|1|
Medieval-Guildhall Yard|GYE92|10|OA102|1050|1140|20105|MALE|ADULT 36-45 YEARS|Vertebral degenerative joint disease|T5-6|SN|1|
Medieval-Guildhall Yard|GYE92|10|OA102|1050|1140|20105|MALE|ADULT 36-45 YEARS|Vertebral degenerative joint disease|L4-5|IVD|1|
Medieval-Guildhall Yard|GYE92|10|OA102|1050|1140|20109|FEMALE|ADULT 26-35 YEARS|Vertebral degenerative joint disease|T6-7|IVD|1|
Medieval-Guildhall Yard|GYE92|10|OA102|1050|1140|20109|FEMALE|ADULT 26-35 YEARS|Vertebral degenerative joint disease|T7-8|IVD|1|
Medieval-Guildhall Yard|GYE92|10|OA102|1050|1140|20109|FEMALE|ADULT 26-35 YEARS|Vertebral degenerative joint disease|T8-9|IVD|1|
Medieval-Guildhall Yard|GYE92|10|OA102|1050|1140|20109|FEMALE|ADULT 26-35 YEARS|Vertebral degenerative joint disease|T9-10|IVD|1|
Medieval-Guildhall Yard|GYE92|10|OA102|1050|1140|20109|FEMALE|ADULT 26-35 YEARS|Vertebral degenerative joint disease|T10-11|IVD|1|
Medieval-Guildhall Yard|GYE92|10|OA102|1050|1140|20109|FEMALE|ADULT 26-35 YEARS|Vertebral degenerative joint disease|T10-11|SN|1|
Medieval-Guildhall Yard|GYE92|10|OA102|1050|1140|20109|FEMALE|ADULT 26-35 YEARS|Vertebral degenerative joint disease|L3-4|IVD|1|
Medieval-Guildhall Yard|GYE92|10|OA102|1050|1140|20109|FEMALE|ADULT 26-35 YEARS|Vertebral degenerative joint disease|C5-6|OP|1|
Medieval-Guildhall Yard|GYE92|10|OA102|1050|1140|20109|FEMALE|ADULT 26-35 YEARS|Vertebral degenerative joint disease|C3-4|Facets|3|
Medieval-Guildhall Yard|GYE92|10|OA102|1050|1140|20109|FEMALE|ADULT 26-35 YEARS|Vertebral degenerative joint disease|C5-6|IVD|3|
Medieval-Guildhall Yard|GYE92|10|OA102|1050|1140|20109|FEMALE|ADULT 26-35 YEARS|Vertebral degenerative joint disease|T3-4|Facets|1|
Medieval-Guildhall Yard|GYE92|10|OA102|1050|1140|20109|FEMALE|ADULT 26-35 YEARS|Vertebral degenerative joint disease|T5-6|IVD|1|
Medieval-Guildhall Yard|GYE92|10|OA102|1050|1140|20109|FEMALE|ADULT 26-35 YEARS|Vertebral degenerative joint disease|L4-5|OP|1|
Medieval-Guildhall Yard|GYE92|10|OA102|1050|1140|20109|FEMALE|ADULT 26-35 YEARS|Vertebral degenerative joint disease|L4-5|IVD|1|
Medieval-Guildhall Yard|GYE92|10|OA102|1050|1140|20113|FEMALE?|ADULT >46 YEARS|Vertebral degenerative joint disease|T8-9|Facets|3|
Medieval-Guildhall Yard|GYE92|10|OA102|1050|1140|20113|FEMALE?|ADULT >46 YEARS|Vertebral degenerative joint disease|T11-12|OP|1|
Medieval-Guildhall Yard|GYE92|10|OA102|1050|1140|20113|FEMALE?|ADULT >46 YEARS|Vertebral degenerative joint disease|T11-12|IVD|1|
Medieval-Guildhall Yard|GYE92|10|OA102|1050|1140|20113|FEMALE?|ADULT >46 YEARS|Vertebral degenerative joint disease|T9-10|Facets|2|
Medieval-Guildhall Yard|GYE92|10|OA102|1050|1140|20113|FEMALE?|ADULT >46 YEARS|Vertebral degenerative joint disease|T10-11|IVD|1|
Medieval-Guildhall Yard|GYE92|10|OA102|1050|1140|20113|FEMALE?|ADULT >46 YEARS|Vertebral degenerative joint disease|L2-3|OP|1|
Medieval-Guildhall Yard|GYE92|10|OA102|1050|1140|20113|FEMALE?|ADULT >46 YEARS|Vertebral degenerative joint disease|L3-4|OP|1|
Medieval-Guildhall Yard|GYE92|10|OA102|1050|1140|20113|FEMALE?|ADULT >46 YEARS|Vertebral degenerative joint disease|L3-4|IVD|1|
Medieval-Guildhall Yard|GYE92|10|OA102|1050|1140|20113|FEMALE?|ADULT >46 YEARS|Vertebral degenerative joint disease|L4-5|OP|1|
Medieval-Guildhall Yard|GYE92|10|OA102|1050|1140|20113|FEMALE?|ADULT >46 YEARS|Vertebral degenerative joint disease|L4-5|IVD|1|
Medieval-Guildhall Yard|GYE92|10|OA101|1050|1140|20538|MALE|ADULT 26-35 YEARS|Vertebral degenerative joint disease|T6-7|SN|1|
Medieval-Guildhall Yard|GYE92|10|OA101|1050|1140|20538|MALE|ADULT 26-35 YEARS|Vertebral degenerative joint disease|T7-8|SN|1|
Medieval-Guildhall Yard|GYE92|10|OA101|1050|1140|20538|MALE|ADULT 26-35 YEARS|Vertebral degenerative joint disease|T8-9|SN|2|
Medieval-Guildhall Yard|GYE92|10|OA101|1050|1140|20538|MALE|ADULT 26-35 YEARS|Vertebral degenerative joint disease|L3-4|SN|1|
Medieval-Guildhall Yard|GYE92|10|OA101|1050|1140|20538|MALE|ADULT 26-35 YEARS|Vertebral degenerative joint disease|T11-12|SN|1|
Medieval-Guildhall Yard|GYE92|10|OA101|1050|1140|20538|MALE|ADULT 26-35 YEARS|Vertebral degenerative joint disease|T12-L1|SN|1|
Medieval-Guildhall Yard|GYE92|10|OA101|1050|1140|20538|MALE|ADULT 26-35 YEARS|Vertebral degenerative joint disease|T9-10|SN|2|
Medieval-Guildhall Yard|GYE92|10|OA101|1050|1140|20538|MALE|ADULT 26-35 YEARS|Vertebral degenerative joint disease|T10-11|SN|1|
Medieval-Guildhall Yard|GYE92|10|OA101|1050|1140|20538|MALE|ADULT 26-35 YEARS|Vertebral degenerative joint disease|L1-2|OP|1|
Medieval-Guildhall Yard|GYE92|10|OA101|1050|1140|20538|MALE|ADULT 26-35 YEARS|Vertebral degenerative joint disease|L1-2|SN|1|
Medieval-Guildhall Yard|GYE92|10|OA101|1050|1140|20538|MALE|ADULT 26-35 YEARS|Vertebral degenerative joint disease|L2-3|SN|1|
Medieval-Guildhall Yard|GYE92|10|OA101|1050|1140|20538|MALE|ADULT 26-35 YEARS|Vertebral degenerative joint disease|T5-6|SN|1|
Medieval-Guildhall Yard|GYE92|10|OA101|1050|1140|20538|MALE|ADULT 26-35 YEARS|Vertebral degenerative joint disease|L4-5|SN|1|
Medieval-Guildhall Yard|GYE92|10|OA101|1050|1140|20574|FEMALE?|ADULT >46 YEARS|Vertebral degenerative joint disease|T10-11|OP|1|
Medieval-Guildhall Yard|GYE92|10|OA101|1050|1140|20574|FEMALE?|ADULT >46 YEARS|Vertebral degenerative joint disease|T10-11|IVD|1|
Medieval-Guildhall Yard|GYE92|10|OA101|1050|1140|20574|FEMALE?|ADULT >46 YEARS|Vertebral degenerative joint disease|L3-4|IVD|1|
Medieval-Guildhall Yard|GYE92|10|OA101|1050|1140|20574|FEMALE?|ADULT >46 YEARS|Vertebral degenerative joint disease|T6-7|OP|1|
Medieval-Guildhall Yard|GYE92|10|OA102|1050|1140|20588|MALE|ADULT 36-45 YEARS|Vertebral degenerative joint disease|T8-9|OP|1|
Medieval-Guildhall Yard|GYE92|10|OA102|1050|1140|20588|MALE|ADULT 36-45 YEARS|Vertebral degenerative joint disease|T8-9|SN|1|
Medieval-Guildhall Yard|GYE92|10|OA102|1050|1140|20588|MALE|ADULT 36-45 YEARS|Vertebral degenerative joint disease|T10-11|SN|1|
Medieval-Guildhall Yard|GYE92|10|OA102|1050|1140|20588|MALE|ADULT 36-45 YEARS|Vertebral degenerative joint disease|T6-7|OP|1|
Medieval-Guildhall Yard|GYE92|10|OA102|1050|1140|20588|MALE|ADULT 36-45 YEARS|Vertebral degenerative joint disease|L4-5|OP|1|
Medieval-Guildhall Yard|GYE92|10|OA102|1050|1140|20588|MALE|ADULT 36-45 YEARS|Vertebral degenerative joint disease|L5-S1|OP|1|
Medieval-Guildhall Yard|GYE92|10|OA102|1050|1140|20588|MALE|ADULT 36-45 YEARS|Vertebral degenerative joint disease|L5-S1|IVD|2|
Medieval-Guildhall Yard|GYE92|10|OA102|1050|1140|20590|UNDETERMINABLE|UNCLASSIFIED ADULT|Vertebral degenerative joint disease|L1-2|IVD|1|
Medieval-Guildhall Yard|GYE92|10|OA102|1050|1140|20590|UNDETERMINABLE|UNCLASSIFIED ADULT|Vertebral degenerative joint disease|L2-3|IVD|1|
Medieval-Guildhall Yard|GYE92|10|OA102|1050|1140|20590|UNDETERMINABLE|UNCLASSIFIED ADULT|Vertebral degenerative joint disease|L3-4|IVD|1|
Medieval-Guildhall Yard|GYE92|10|OA102|1050|1140|20623|FEMALE?|ADULT 36-45 YEARS|Vertebral degenerative joint disease|T6-7|IVD|1|
Medieval-Guildhall Yard|GYE92|10|OA102|1050|1140|20623|FEMALE?|ADULT 36-45 YEARS|Vertebral degenerative joint disease|T7-8|OP|1|
Medieval-Guildhall Yard|GYE92|10|OA102|1050|1140|20623|FEMALE?|ADULT 36-45 YEARS|Vertebral degenerative joint disease|L1-2|Facets|3|
Medieval-Guildhall Yard|GYE92|10|OA102|1050|1140|20623|FEMALE?|ADULT 36-45 YEARS|Vertebral degenerative joint disease|L2-3|Facets|3|
Medieval-Guildhall Yard|GYE92|10|OA102|1050|1140|20623|FEMALE?|ADULT 36-45 YEARS|Vertebral degenerative joint disease|C3-4|Facets|1|
Medieval-Guildhall Yard|GYE92|10|OA102|1050|1140|20623|FEMALE?|ADULT 36-45 YEARS|Vertebral degenerative joint disease|C3-4|IVD|2|
Medieval-Guildhall Yard|GYE92|10|OA102|1050|1140|20623|FEMALE?|ADULT 36-45 YEARS|Vertebral degenerative joint disease|C6-7|IVD|3|
Medieval-Guildhall Yard|GYE92|10|OA102|1050|1140|20623|FEMALE?|ADULT 36-45 YEARS|Vertebral degenerative joint disease|C7-T1|IVD|3|
Medieval-Guildhall Yard|GYE92|10|OA102|1050|1140|20623|FEMALE?|ADULT 36-45 YEARS|Vertebral degenerative joint disease|T4-5|OP|1|
Medieval-Guildhall Yard|GYE92|10|OA102|1050|1140|20623|FEMALE?|ADULT 36-45 YEARS|Vertebral degenerative joint disease|T5-6|OP|1|
Medieval-Guildhall Yard|GYE92|10|OA102|1050|1140|20623|FEMALE?|ADULT 36-45 YEARS|Vertebral degenerative joint disease|T5-6|IVD|1|
Medieval-Guildhall Yard|GYE92|10|OA102|1050|1140|20623|FEMALE?|ADULT 36-45 YEARS|Vertebral degenerative joint disease|T6-7|OP|1|
