CEMETERY|SITECODE|PERIOD|LU_INT|E_DATE|L_DATE|SEX|AGE|NUMBER_INDIVIDUALS

Medieval-Guildhall Yard|GYE92|10|OA101|1050|1140|FEMALE?|ADULT >46 YEARS|1|
Medieval-Guildhall Yard|GYE92|10|OA101|1050|1140|MALE|ADULT 18-25 YEARS|1|
Medieval-Guildhall Yard|GYE92|10|OA101|1050|1140|MALE|ADULT 26-35 YEARS|1|
Medieval-Guildhall Yard|GYE92|10|OA101|1050|1140|UNDETERMINABLE|UNCLASSIFIED ADULT|1|
Medieval-Guildhall Yard|GYE92|10|OA101|1050|1140|UNSEXED CHILD|SUB-ADULT 1-5 YEARS|1|
Medieval-Guildhall Yard|GYE92|10|OA102|1050|1140|FEMALE?|ADULT 36-45 YEARS|1|
Medieval-Guildhall Yard|GYE92|10|OA102|1050|1140|FEMALE?|ADULT >46 YEARS|1|
Medieval-Guildhall Yard|GYE92|10|OA102|1050|1140|FEMALE|ADULT 26-35 YEARS|1|
Medieval-Guildhall Yard|GYE92|10|OA102|1050|1140|MALE|ADULT 26-35 YEARS|1|
Medieval-Guildhall Yard|GYE92|10|OA102|1050|1140|MALE|ADULT 36-45 YEARS|2|
Medieval-Guildhall Yard|GYE92|10|OA102|1050|1140|UNDETERMINABLE|UNCLASSIFIED ADULT|2|
Medieval-Guildhall Yard|GYE92|10|OA102|1050|1140|UNSEXED CHILD|SUB-ADULT 1-5 YEARS|1|
Medieval-Guildhall Yard|GYE92|10|OA102|1050|1140|UNSEXED CHILD|SUB-ADULT 6-11 YEARS|3|
Medieval-Guildhall Yard|GYE92|10|OA102|1050|1140|UNSEXED CHILD|SUB-ADULT 7-11 MONTHS|1|
Medieval-Guildhall Yard|GYE92|10|OA108|1050|1140|MALE|ADULT >46 YEARS|1|
Medieval-Guildhall Yard|GYE92|10|OA127|1050|1140|MALE?|UNCLASSIFIED ADULT|1|
Medieval-Guildhall Yard|GYE92|11|OA115|1140|1230|FEMALE?|ADULT 36-45 YEARS|1|
Medieval-Guildhall Yard|GYE92|11|OA115|1140|1230|FEMALE|ADULT 18-25 YEARS|2|
Medieval-Guildhall Yard|GYE92|11|OA115|1140|1230|FEMALE|ADULT 26-35 YEARS|4|
Medieval-Guildhall Yard|GYE92|11|OA115|1140|1230|FEMALE|ADULT 36-45 YEARS|1|
Medieval-Guildhall Yard|GYE92|11|OA115|1140|1230|FEMALE|ADULT >46 YEARS|2|
Medieval-Guildhall Yard|GYE92|11|OA115|1140|1230|INTERMEDIATE|ADULT 26-35 YEARS|1|
Medieval-Guildhall Yard|GYE92|11|OA115|1140|1230|MALE?|ADULT 18-25 YEARS|1|
Medieval-Guildhall Yard|GYE92|11|OA115|1140|1230|MALE?|ADULT 26-35 YEARS|1|
Medieval-Guildhall Yard|GYE92|11|OA115|1140|1230|MALE?|ADULT 36-45 YEARS|3|
Medieval-Guildhall Yard|GYE92|11|OA115|1140|1230|MALE|ADULT 18-25 YEARS|2|
Medieval-Guildhall Yard|GYE92|11|OA115|1140|1230|MALE|ADULT 26-35 YEARS|1|
Medieval-Guildhall Yard|GYE92|11|OA115|1140|1230|MALE|ADULT 36-45 YEARS|2|
Medieval-Guildhall Yard|GYE92|11|OA115|1140|1230|UNDETERMINABLE|ADULT 36-45 YEARS|1|
Medieval-Guildhall Yard|GYE92|11|OA115|1140|1230|UNDETERMINABLE|UNCLASSIFIED ADULT|7|
Medieval-Guildhall Yard|GYE92|11|OA115|1140|1230|UNSEXED CHILD|SUB-ADULT 1-5 YEARS|2|
Medieval-Guildhall Yard|GYE92|11|OA115|1140|1230|UNSEXED CHILD|SUB-ADULT 12-17 YEARS|4|
Medieval-Guildhall Yard|GYE92|11|OA115|1140|1230|UNSEXED CHILD|SUB-ADULT 6-11 YEARS|8|
Medieval-Guildhall Yard|GYE92|11|OA132|1140|1230|FEMALE?|ADULT >46 YEARS|1|
Medieval-Guildhall Yard|GYE92|11|OA132|1140|1230|UNSEXED CHILD|SUB-ADULT 6-11 YEARS|1|
Medieval-Guildhall Yard|GYE92|13|OA219|1270|1350|MALE?|ADULT 18-25 YEARS|1|
Medieval-Guildhall Yard|GYE92|16|OA221|1550|1666|INTERMEDIATE|UNCLASSIFIED ADULT|1|
Medieval-Guildhall Yard|GYE92|16|OA221|1550|1666|UNDETERMINABLE|UNCLASSIFIED ADULT|1|
