CEMETERY|SITECODE|PERIOD|LU_INT|E_DATE|L_DATE|CONTEXT|SEX|AGE|TRAIT_TYPE|GROUP|TOOTH|EXPANSION|VALUE|

Medieval-Guildhall Yard|GYE92|11|OA115|1140|1230|10652|UNSEXED CHILD|SUB-ADULT 12-17 YEARS|Dental anomaly|Mandible (permanent)|T35|Rotation|1|
Medieval-Guildhall Yard|GYE92|11|OA115|1140|1230|10688|INTERMEDIATE|ADULT 26-35 YEARS|Dental anomaly|Maxilla (permanent)|T25|Rotation|1|
Medieval-Guildhall Yard|GYE92|11|OA115|1140|1230|10734|MALE|ADULT 36-45 YEARS|Dental anomaly|Mandible (permanent)|T33|Rotation|1|
Medieval-Guildhall Yard|GYE92|11|OA115|1140|1230|10734|MALE|ADULT 36-45 YEARS|Dental anomaly|Mandible (permanent)|T43|Rotation|1|
Medieval-Guildhall Yard|GYE92|11|OA115|1140|1230|10957|MALE?|ADULT 26-35 YEARS|Dental anomaly|Maxilla (permanent)|T13|Crowding|1|
Medieval-Guildhall Yard|GYE92|10|OA102|1050|1140|20065|MALE|ADULT 26-35 YEARS|Dental anomaly|Maxilla (permanent)|T11|Rotation|1|
Medieval-Guildhall Yard|GYE92|10|OA102|1050|1140|20065|MALE|ADULT 26-35 YEARS|Dental anomaly|Maxilla (permanent)|T21|Rotation|1|
Medieval-Guildhall Yard|GYE92|10|OA101|1050|1140|20574|FEMALE?|ADULT >46 YEARS|Dental anomaly|Maxilla (permanent)|T26|Transposition|25|
